// Jest Snapshot v1, https://goo.gl/fbAQLP

exports[`Header should render heading 1`] = `
<header
  className="header"
>
  <h1
    className="f1 h1"
  >
    <a
      className="link"
      href="/"
    >
      a
    </a>
  </h1>
  <p>
    b
  </p>
</header>
`;
